05-06 21:58:46 com_github_MitjaNemec_PlaceFootprints.action_place_footprints 674:Plugin executed on: 'linux'
05-06 21:58:46 com_github_MitjaNemec_PlaceFootprints.action_place_footprints 675:Plugin executed with python version: '3.13.13 (main, Nov 10 2011, 15:00:00) [GCC 15.2.0]'
05-06 21:58:46 com_github_MitjaNemec_PlaceFootprints.action_place_footprints 676:KiCad build version: 10.0.1
05-06 21:58:46 com_github_MitjaNemec_PlaceFootprints.action_place_footprints 677:Plugin version: 5.0.0

05-06 21:58:46 com_github_MitjaNemec_PlaceFootprints.action_place_footprints 678:Frame repr: <wx._core.Frame object at 0x7b852c160e60>
05-06 21:58:46 com_github_MitjaNemec_PlaceFootprints.place_footprints 121:getting a list of all footprints on board
05-06 21:58:46 com_github_MitjaNemec_PlaceFootprints.place_footprints 156:Footprint K15 on root level
05-06 21:58:46 com_github_MitjaNemec_PlaceFootprints.place_footprints 156:Footprint H1 on root level
05-06 21:58:46 com_github_MitjaNemec_PlaceFootprints.place_footprints 156:Footprint J1 on root level
05-06 21:58:46 com_github_MitjaNemec_PlaceFootprints.place_footprints 156:Footprint C11 on root level
05-06 21:58:46 com_github_MitjaNemec_PlaceFootprints.place_footprints 156:Footprint J8 on root level
05-06 21:58:46 com_github_MitjaNemec_PlaceFootprints.place_footprints 156:Footprint C10 on root level
05-06 21:58:46 com_github_MitjaNemec_PlaceFootprints.place_footprints 156:Footprint J4 on root level
05-06 21:58:46 com_github_MitjaNemec_PlaceFootprints.place_footprints 156:Footprint H5 on root level
05-06 21:58:46 com_github_MitjaNemec_PlaceFootprints.place_footprints 156:Footprint J5 on root level
05-06 21:58:46 com_github_MitjaNemec_PlaceFootprints.place_footprints 156:Footprint H2 on root level
05-06 21:58:46 com_github_MitjaNemec_PlaceFootprints.place_footprints 156:Footprint R26 on root level
05-06 21:58:46 com_github_MitjaNemec_PlaceFootprints.place_footprints 156:Footprint D4 on root level
05-06 21:58:46 com_github_MitjaNemec_PlaceFootprints.place_footprints 156:Footprint Q1 on root level
05-06 21:58:46 com_github_MitjaNemec_PlaceFootprints.place_footprints 156:Footprint R15 on root level
05-06 21:58:46 com_github_MitjaNemec_PlaceFootprints.place_footprints 156:Footprint D2 on root level
05-06 21:58:46 com_github_MitjaNemec_PlaceFootprints.place_footprints 156:Footprint C7 on root level
05-06 21:58:46 com_github_MitjaNemec_PlaceFootprints.place_footprints 156:Footprint J2 on root level
05-06 21:58:46 com_github_MitjaNemec_PlaceFootprints.place_footprints 156:Footprint C9 on root level
05-06 21:58:46 com_github_MitjaNemec_PlaceFootprints.place_footprints 156:Footprint U7 on root level
05-06 21:58:46 com_github_MitjaNemec_PlaceFootprints.place_footprints 156:Footprint J7 on root level
05-06 21:58:46 com_github_MitjaNemec_PlaceFootprints.place_footprints 156:Footprint R16 on root level
05-06 21:58:46 com_github_MitjaNemec_PlaceFootprints.place_footprints 156:Footprint H3 on root level
05-06 21:58:46 com_github_MitjaNemec_PlaceFootprints.place_footprints 156:Footprint D1 on root level
05-06 21:58:46 com_github_MitjaNemec_PlaceFootprints.place_footprints 156:Footprint J3 on root level
05-06 21:58:46 com_github_MitjaNemec_PlaceFootprints.place_footprints 156:Footprint R17 on root level
05-06 21:58:46 com_github_MitjaNemec_PlaceFootprints.place_footprints 156:Footprint C12 on root level
05-06 21:58:46 com_github_MitjaNemec_PlaceFootprints.place_footprints 156:Footprint H4 on root level
05-06 21:58:46 com_github_MitjaNemec_PlaceFootprints.place_footprints 156:Footprint C8 on root level
05-06 21:58:46 com_github_MitjaNemec_PlaceFootprints.place_footprints 156:Footprint J6 on root level
05-06 21:58:46 com_github_MitjaNemec_PlaceFootprints.action_place_footprints 717:Reference footprint='K1'
05-06 21:58:47 com_github_MitjaNemec_PlaceFootprints.action_place_footprints 858:Reference designator is: K
05-06 21:58:47 com_github_MitjaNemec_PlaceFootprints.action_place_footprints 859:Reference number is: 1
05-06 21:58:47 com_github_MitjaNemec_PlaceFootprints.action_place_footprints 891:Sorted and filtered list:
['K1', 'K2', 'K3', 'K4', 'K5', 'K6', 'K7', 'K8', 'K9', 'K10', 'K11', 'K12', 'K13', 'K14', 'K15']
05-06 21:58:47 com_github_MitjaNemec_PlaceFootprints.action_place_footprints 376:wx.Colour(44, 44, 44, 255)
05-06 21:59:02 com_github_MitjaNemec_PlaceFootprints.action_place_footprints 507:'0'
05-06 21:59:02 com_github_MitjaNemec_PlaceFootprints.action_place_footprints 553:Preparing config for reference linear
05-06 21:59:02 com_github_MitjaNemec_PlaceFootprints.action_place_footprints 573:Saving config file
05-06 21:59:02 com_github_MitjaNemec_PlaceFootprints.action_place_footprints 575:Saved the config file
05-06 21:59:02 com_github_MitjaNemec_PlaceFootprints.action_place_footprints 929:Footprints to place:
['K1', 'K2', 'K3', 'K4', 'K5', 'K6', 'K7', 'K8', 'K9', 'K10', 'K11', 'K12', 'K13', 'K14', 'K15']
05-06 21:59:02 com_github_MitjaNemec_PlaceFootprints.place_footprints 396:Starting placing with linear layout
05-06 21:59:02 com_github_MitjaNemec_PlaceFootprints.action_place_footprints 970:Placing complete
